2025-06-25 22:14:41.688|9001]|[]|

***************************
APPLICATION FAILED TO START
***************************

Description:

Field webSocketService in com.tiankong44.tool.websocket.StreamController required a bean of type 'com.tiankong44.tool.websocket.WebSocketService' that could not be found.

The injection point has the following annotations:
	- @org.springframework.beans.factory.annotation.Autowired(required=true)


Action:

Consider defining a bean of type 'com.tiankong44.tool.websocket.WebSocketService' in your configuration.

2025-06-25 22:27:46.257|9001]|[]|Exception Processing ErrorPage[errorCode=0, location=/error]

org.apache.catalina.connector.ClientAbortException: java.io.IOException: The current thread was interrupted
	at org.apache.catalina.connector.OutputBuffer.doFlush(OutputBuffer.java:310)
	at org.apache.catalina.connector.OutputBuffer.flush(OutputBuffer.java:273)
	at org.apache.catalina.connector.Response.flushBuffer(Response.java:500)
	at org.apache.catalina.connector.ResponseFacade.flushBuffer(ResponseFacade.java:312)
	at org.springframework.http.server.ServletServerHttpResponse.flush(ServletServerHttpResponse.java:104)
	at org.springframework.http.server.DelegatingServerHttpResponse.flush(DelegatingServerHttpResponse.java:61)
	at org.springframework.web.servlet.mvc.method.annotation.ResponseBodyEmitterReturnValueHandler$HttpMessageConvertingHandler.complete(ResponseBodyEmitterReturnValueHandler.java:223)
	at org.springframework.web.servlet.mvc.method.annotation.ResponseBodyEmitter.complete(ResponseBodyEmitter.java:236)
	at com.tiankong44.tool.websocket.WebSocketController$1.afterConnectionClosed(WebSocketController.java:49)
	at org.springframework.web.socket.adapter.standard.StandardWebSocketHandlerAdapter.onClose(StandardWebSocketHandlerAdapter.java:145)
	at org.apache.tomcat.websocket.WsSession.fireEndpointOnClose(WsSession.java:767)
	at org.apache.tomcat.websocket.WsSession.doClose(WsSession.java:715)
	at org.apache.tomcat.websocket.WsFrameClient.close(WsFrameClient.java:132)
	at org.apache.tomcat.websocket.WsFrameClient.resumeProcessing(WsFrameClient.java:224)
	at org.apache.tomcat.websocket.WsFrameClient.access$500(WsFrameClient.java:31)
	at org.apache.tomcat.websocket.WsFrameClient$WsFrameClientCompletionHandler.doResumeProcessing(WsFrameClient.java:189)
	at org.apache.tomcat.websocket.WsFrameClient$WsFrameClientCompletionHandler.completed(WsFrameClient.java:163)
	at org.apache.tomcat.websocket.WsFrameClient$WsFrameClientCompletionHandler.completed(WsFrameClient.java:148)
	at org.apache.tomcat.websocket.AsyncChannelWrapperSecure$WrapperFuture.complete(AsyncChannelWrapperSecure.java:471)
	at org.apache.tomcat.websocket.AsyncChannelWrapperSecure$ReadTask.run(AsyncChannelWrapperSecure.java:338)
	at java.util.concurrent.ThreadPoolExecutor.runWorker(ThreadPoolExecutor.java:1149)
	at java.util.concurrent.ThreadPoolExecutor$Worker.run(ThreadPoolExecutor.java:624)
	at java.lang.Thread.run(Thread.java:750)
Caused by: java.io.IOException: The current thread was interrupted
	at org.apache.tomcat.util.net.NioChannel.checkInterruptStatus(NioChannel.java:236)
	at org.apache.tomcat.util.net.NioChannel.write(NioChannel.java:134)
	at org.apache.tomcat.util.net.NioEndpoint$NioSocketWrapper.doWrite(NioEndpoint.java:1424)
	at org.apache.tomcat.util.net.SocketWrapperBase.doWrite(SocketWrapperBase.java:768)
	at org.apache.tomcat.util.net.SocketWrapperBase.flushBlocking(SocketWrapperBase.java:732)
	at org.apache.tomcat.util.net.SocketWrapperBase.flush(SocketWrapperBase.java:716)
	at org.apache.coyote.http11.Http11OutputBuffer$SocketOutputBuffer.flush(Http11OutputBuffer.java:573)
	at org.apache.coyote.http11.filters.ChunkedOutputFilter.flush(ChunkedOutputFilter.java:157)
	at org.apache.coyote.http11.Http11OutputBuffer.flush(Http11OutputBuffer.java:221)
	at org.apache.coyote.http11.Http11Processor.flush(Http11Processor.java:1255)
	at org.apache.coyote.AbstractProcessor.action(AbstractProcessor.java:402)
	at org.apache.coyote.Response.action(Response.java:209)
	at org.apache.catalina.connector.OutputBuffer.doFlush(OutputBuffer.java:306)
	... 22 common frames omitted

2025-06-25 22:28:06.479|9001]|[]|Exception Processing ErrorPage[errorCode=0, location=/error]

org.apache.catalina.connector.ClientAbortException: java.io.IOException: The current thread was interrupted
	at org.apache.catalina.connector.OutputBuffer.doFlush(OutputBuffer.java:310)
	at org.apache.catalina.connector.OutputBuffer.flush(OutputBuffer.java:273)
	at org.apache.catalina.connector.Response.flushBuffer(Response.java:500)
	at org.apache.catalina.connector.ResponseFacade.flushBuffer(ResponseFacade.java:312)
	at org.springframework.http.server.ServletServerHttpResponse.flush(ServletServerHttpResponse.java:104)
	at org.springframework.http.server.DelegatingServerHttpResponse.flush(DelegatingServerHttpResponse.java:61)
	at org.springframework.web.servlet.mvc.method.annotation.ResponseBodyEmitterReturnValueHandler$HttpMessageConvertingHandler.complete(ResponseBodyEmitterReturnValueHandler.java:223)
	at org.springframework.web.servlet.mvc.method.annotation.ResponseBodyEmitter.complete(ResponseBodyEmitter.java:236)
	at com.tiankong44.tool.websocket.WebSocketController$1.afterConnectionClosed(WebSocketController.java:49)
	at org.springframework.web.socket.adapter.standard.StandardWebSocketHandlerAdapter.onClose(StandardWebSocketHandlerAdapter.java:145)
	at org.apache.tomcat.websocket.WsSession.fireEndpointOnClose(WsSession.java:767)
	at org.apache.tomcat.websocket.WsSession.doClose(WsSession.java:715)
	at org.apache.tomcat.websocket.WsFrameClient.close(WsFrameClient.java:132)
	at org.apache.tomcat.websocket.WsFrameClient.resumeProcessing(WsFrameClient.java:224)
	at org.apache.tomcat.websocket.WsFrameClient.access$500(WsFrameClient.java:31)
	at org.apache.tomcat.websocket.WsFrameClient$WsFrameClientCompletionHandler.doResumeProcessing(WsFrameClient.java:189)
	at org.apache.tomcat.websocket.WsFrameClient$WsFrameClientCompletionHandler.completed(WsFrameClient.java:163)
	at org.apache.tomcat.websocket.WsFrameClient$WsFrameClientCompletionHandler.completed(WsFrameClient.java:148)
	at org.apache.tomcat.websocket.AsyncChannelWrapperSecure$WrapperFuture.complete(AsyncChannelWrapperSecure.java:471)
	at org.apache.tomcat.websocket.AsyncChannelWrapperSecure$ReadTask.run(AsyncChannelWrapperSecure.java:338)
	at java.util.concurrent.ThreadPoolExecutor.runWorker(ThreadPoolExecutor.java:1149)
	at java.util.concurrent.ThreadPoolExecutor$Worker.run(ThreadPoolExecutor.java:624)
	at java.lang.Thread.run(Thread.java:750)
Caused by: java.io.IOException: The current thread was interrupted
	at org.apache.tomcat.util.net.NioChannel.checkInterruptStatus(NioChannel.java:236)
	at org.apache.tomcat.util.net.NioChannel.write(NioChannel.java:134)
	at org.apache.tomcat.util.net.NioEndpoint$NioSocketWrapper.doWrite(NioEndpoint.java:1424)
	at org.apache.tomcat.util.net.SocketWrapperBase.doWrite(SocketWrapperBase.java:768)
	at org.apache.tomcat.util.net.SocketWrapperBase.flushBlocking(SocketWrapperBase.java:732)
	at org.apache.tomcat.util.net.SocketWrapperBase.flush(SocketWrapperBase.java:716)
	at org.apache.coyote.http11.Http11OutputBuffer$SocketOutputBuffer.flush(Http11OutputBuffer.java:573)
	at org.apache.coyote.http11.filters.ChunkedOutputFilter.flush(ChunkedOutputFilter.java:157)
	at org.apache.coyote.http11.Http11OutputBuffer.flush(Http11OutputBuffer.java:221)
	at org.apache.coyote.http11.Http11Processor.flush(Http11Processor.java:1255)
	at org.apache.coyote.AbstractProcessor.action(AbstractProcessor.java:402)
	at org.apache.coyote.Response.action(Response.java:209)
	at org.apache.catalina.connector.OutputBuffer.doFlush(OutputBuffer.java:306)
	... 22 common frames omitted

2025-06-25 22:30:08.820|9001]|[]|Exception Processing ErrorPage[errorCode=0, location=/error]

org.apache.catalina.connector.ClientAbortException: java.io.IOException: The current thread was interrupted
	at org.apache.catalina.connector.OutputBuffer.doFlush(OutputBuffer.java:310)
	at org.apache.catalina.connector.OutputBuffer.flush(OutputBuffer.java:273)
	at org.apache.catalina.connector.Response.flushBuffer(Response.java:500)
	at org.apache.catalina.connector.ResponseFacade.flushBuffer(ResponseFacade.java:312)
	at org.springframework.http.server.ServletServerHttpResponse.flush(ServletServerHttpResponse.java:104)
	at org.springframework.http.server.DelegatingServerHttpResponse.flush(DelegatingServerHttpResponse.java:61)
	at org.springframework.web.servlet.mvc.method.annotation.ResponseBodyEmitterReturnValueHandler$HttpMessageConvertingHandler.complete(ResponseBodyEmitterReturnValueHandler.java:223)
	at org.springframework.web.servlet.mvc.method.annotation.ResponseBodyEmitter.complete(ResponseBodyEmitter.java:236)
	at com.tiankong44.tool.websocket.WebSocketController$1.afterConnectionClosed(WebSocketController.java:49)
	at org.springframework.web.socket.adapter.standard.StandardWebSocketHandlerAdapter.onClose(StandardWebSocketHandlerAdapter.java:145)
	at org.apache.tomcat.websocket.WsSession.fireEndpointOnClose(WsSession.java:767)
	at org.apache.tomcat.websocket.WsSession.doClose(WsSession.java:715)
	at org.apache.tomcat.websocket.WsFrameClient.close(WsFrameClient.java:132)
	at org.apache.tomcat.websocket.WsFrameClient.resumeProcessing(WsFrameClient.java:224)
	at org.apache.tomcat.websocket.WsFrameClient.access$500(WsFrameClient.java:31)
	at org.apache.tomcat.websocket.WsFrameClient$WsFrameClientCompletionHandler.doResumeProcessing(WsFrameClient.java:189)
	at org.apache.tomcat.websocket.WsFrameClient$WsFrameClientCompletionHandler.completed(WsFrameClient.java:163)
	at org.apache.tomcat.websocket.WsFrameClient$WsFrameClientCompletionHandler.completed(WsFrameClient.java:148)
	at org.apache.tomcat.websocket.AsyncChannelWrapperSecure$WrapperFuture.complete(AsyncChannelWrapperSecure.java:471)
	at org.apache.tomcat.websocket.AsyncChannelWrapperSecure$ReadTask.run(AsyncChannelWrapperSecure.java:338)
	at java.util.concurrent.ThreadPoolExecutor.runWorker(ThreadPoolExecutor.java:1149)
	at java.util.concurrent.ThreadPoolExecutor$Worker.run(ThreadPoolExecutor.java:624)
	at java.lang.Thread.run(Thread.java:750)
Caused by: java.io.IOException: The current thread was interrupted
	at org.apache.tomcat.util.net.NioChannel.checkInterruptStatus(NioChannel.java:236)
	at org.apache.tomcat.util.net.NioChannel.write(NioChannel.java:134)
	at org.apache.tomcat.util.net.NioEndpoint$NioSocketWrapper.doWrite(NioEndpoint.java:1424)
	at org.apache.tomcat.util.net.SocketWrapperBase.doWrite(SocketWrapperBase.java:768)
	at org.apache.tomcat.util.net.SocketWrapperBase.flushBlocking(SocketWrapperBase.java:732)
	at org.apache.tomcat.util.net.SocketWrapperBase.flush(SocketWrapperBase.java:716)
	at org.apache.coyote.http11.Http11OutputBuffer$SocketOutputBuffer.flush(Http11OutputBuffer.java:573)
	at org.apache.coyote.http11.filters.ChunkedOutputFilter.flush(ChunkedOutputFilter.java:157)
	at org.apache.coyote.http11.Http11OutputBuffer.flush(Http11OutputBuffer.java:221)
	at org.apache.coyote.http11.Http11Processor.flush(Http11Processor.java:1255)
	at org.apache.coyote.AbstractProcessor.action(AbstractProcessor.java:402)
	at org.apache.coyote.Response.action(Response.java:209)
	at org.apache.catalina.connector.OutputBuffer.doFlush(OutputBuffer.java:306)
	... 22 common frames omitted

2025-06-25 22:30:52.564|9001]|[]|Exception Processing ErrorPage[errorCode=0, location=/error]

org.apache.catalina.connector.ClientAbortException: java.io.IOException: The current thread was interrupted
	at org.apache.catalina.connector.OutputBuffer.doFlush(OutputBuffer.java:310)
	at org.apache.catalina.connector.OutputBuffer.flush(OutputBuffer.java:273)
	at org.apache.catalina.connector.Response.flushBuffer(Response.java:500)
	at org.apache.catalina.connector.ResponseFacade.flushBuffer(ResponseFacade.java:312)
	at org.springframework.http.server.ServletServerHttpResponse.flush(ServletServerHttpResponse.java:104)
	at org.springframework.http.server.DelegatingServerHttpResponse.flush(DelegatingServerHttpResponse.java:61)
	at org.springframework.web.servlet.mvc.method.annotation.ResponseBodyEmitterReturnValueHandler$HttpMessageConvertingHandler.complete(ResponseBodyEmitterReturnValueHandler.java:223)
	at org.springframework.web.servlet.mvc.method.annotation.ResponseBodyEmitter.complete(ResponseBodyEmitter.java:236)
	at com.tiankong44.tool.websocket.WebSocketController$1.afterConnectionClosed(WebSocketController.java:49)
	at org.springframework.web.socket.adapter.standard.StandardWebSocketHandlerAdapter.onClose(StandardWebSocketHandlerAdapter.java:145)
	at org.apache.tomcat.websocket.WsSession.fireEndpointOnClose(WsSession.java:767)
	at org.apache.tomcat.websocket.WsSession.doClose(WsSession.java:715)
	at org.apache.tomcat.websocket.WsFrameClient.close(WsFrameClient.java:132)
	at org.apache.tomcat.websocket.WsFrameClient.resumeProcessing(WsFrameClient.java:224)
	at org.apache.tomcat.websocket.WsFrameClient.access$500(WsFrameClient.java:31)
	at org.apache.tomcat.websocket.WsFrameClient$WsFrameClientCompletionHandler.doResumeProcessing(WsFrameClient.java:189)
	at org.apache.tomcat.websocket.WsFrameClient$WsFrameClientCompletionHandler.completed(WsFrameClient.java:163)
	at org.apache.tomcat.websocket.WsFrameClient$WsFrameClientCompletionHandler.completed(WsFrameClient.java:148)
	at org.apache.tomcat.websocket.AsyncChannelWrapperSecure$WrapperFuture.complete(AsyncChannelWrapperSecure.java:471)
	at org.apache.tomcat.websocket.AsyncChannelWrapperSecure$ReadTask.run(AsyncChannelWrapperSecure.java:338)
	at java.util.concurrent.ThreadPoolExecutor.runWorker(ThreadPoolExecutor.java:1149)
	at java.util.concurrent.ThreadPoolExecutor$Worker.run(ThreadPoolExecutor.java:624)
	at java.lang.Thread.run(Thread.java:750)
Caused by: java.io.IOException: The current thread was interrupted
	at org.apache.tomcat.util.net.NioChannel.checkInterruptStatus(NioChannel.java:236)
	at org.apache.tomcat.util.net.NioChannel.write(NioChannel.java:134)
	at org.apache.tomcat.util.net.NioEndpoint$NioSocketWrapper.doWrite(NioEndpoint.java:1424)
	at org.apache.tomcat.util.net.SocketWrapperBase.doWrite(SocketWrapperBase.java:768)
	at org.apache.tomcat.util.net.SocketWrapperBase.flushBlocking(SocketWrapperBase.java:732)
	at org.apache.tomcat.util.net.SocketWrapperBase.flush(SocketWrapperBase.java:716)
	at org.apache.coyote.http11.Http11OutputBuffer$SocketOutputBuffer.flush(Http11OutputBuffer.java:573)
	at org.apache.coyote.http11.filters.ChunkedOutputFilter.flush(ChunkedOutputFilter.java:157)
	at org.apache.coyote.http11.Http11OutputBuffer.flush(Http11OutputBuffer.java:221)
	at org.apache.coyote.http11.Http11Processor.flush(Http11Processor.java:1255)
	at org.apache.coyote.AbstractProcessor.action(AbstractProcessor.java:402)
	at org.apache.coyote.Response.action(Response.java:209)
	at org.apache.catalina.connector.OutputBuffer.doFlush(OutputBuffer.java:306)
	... 22 common frames omitted

2025-06-25 22:40:00.403|9001]|[]|Exception Processing ErrorPage[errorCode=0, location=/error]

org.apache.catalina.connector.ClientAbortException: java.io.IOException: The current thread was interrupted
	at org.apache.catalina.connector.OutputBuffer.doFlush(OutputBuffer.java:310)
	at org.apache.catalina.connector.OutputBuffer.flush(OutputBuffer.java:273)
	at org.apache.catalina.connector.Response.flushBuffer(Response.java:500)
	at org.apache.catalina.connector.ResponseFacade.flushBuffer(ResponseFacade.java:312)
	at org.springframework.http.server.ServletServerHttpResponse.flush(ServletServerHttpResponse.java:104)
	at org.springframework.http.server.DelegatingServerHttpResponse.flush(DelegatingServerHttpResponse.java:61)
	at org.springframework.web.servlet.mvc.method.annotation.ResponseBodyEmitterReturnValueHandler$HttpMessageConvertingHandler.complete(ResponseBodyEmitterReturnValueHandler.java:223)
	at org.springframework.web.servlet.mvc.method.annotation.ResponseBodyEmitter.complete(ResponseBodyEmitter.java:236)
	at com.tiankong44.tool.websocket.WebSocketController$1.afterConnectionClosed(WebSocketController.java:51)
	at org.springframework.web.socket.adapter.standard.StandardWebSocketHandlerAdapter.onClose(StandardWebSocketHandlerAdapter.java:145)
	at org.apache.tomcat.websocket.WsSession.fireEndpointOnClose(WsSession.java:767)
	at org.apache.tomcat.websocket.WsSession.doClose(WsSession.java:715)
	at org.apache.tomcat.websocket.WsFrameClient.close(WsFrameClient.java:132)
	at org.apache.tomcat.websocket.WsFrameClient.access$100(WsFrameClient.java:31)
	at org.apache.tomcat.websocket.WsFrameClient$WsFrameClientCompletionHandler.failed(WsFrameClient.java:178)
	at org.apache.tomcat.websocket.WsFrameClient$WsFrameClientCompletionHandler.failed(WsFrameClient.java:148)
	at org.apache.tomcat.websocket.AsyncChannelWrapperSecure$WrapperFuture.fail(AsyncChannelWrapperSecure.java:479)
	at org.apache.tomcat.websocket.AsyncChannelWrapperSecure$ReadTask.run(AsyncChannelWrapperSecure.java:346)
	at java.util.concurrent.ThreadPoolExecutor.runWorker(ThreadPoolExecutor.java:1149)
	at java.util.concurrent.ThreadPoolExecutor$Worker.run(ThreadPoolExecutor.java:624)
	at java.lang.Thread.run(Thread.java:750)
Caused by: java.io.IOException: The current thread was interrupted
	at org.apache.tomcat.util.net.NioChannel.checkInterruptStatus(NioChannel.java:236)
	at org.apache.tomcat.util.net.NioChannel.write(NioChannel.java:134)
	at org.apache.tomcat.util.net.NioEndpoint$NioSocketWrapper.doWrite(NioEndpoint.java:1424)
	at org.apache.tomcat.util.net.SocketWrapperBase.doWrite(SocketWrapperBase.java:768)
	at org.apache.tomcat.util.net.SocketWrapperBase.flushBlocking(SocketWrapperBase.java:732)
	at org.apache.tomcat.util.net.SocketWrapperBase.flush(SocketWrapperBase.java:716)
	at org.apache.coyote.http11.Http11OutputBuffer$SocketOutputBuffer.flush(Http11OutputBuffer.java:573)
	at org.apache.coyote.http11.filters.ChunkedOutputFilter.flush(ChunkedOutputFilter.java:157)
	at org.apache.coyote.http11.Http11OutputBuffer.flush(Http11OutputBuffer.java:221)
	at org.apache.coyote.http11.Http11Processor.flush(Http11Processor.java:1255)
	at org.apache.coyote.AbstractProcessor.action(AbstractProcessor.java:402)
	at org.apache.coyote.Response.action(Response.java:209)
	at org.apache.catalina.connector.OutputBuffer.doFlush(OutputBuffer.java:306)
	... 20 common frames omitted

2025-06-25 22:48:08.262|9001]|[]|Exception Processing ErrorPage[errorCode=0, location=/error]

org.apache.catalina.connector.ClientAbortException: java.io.IOException: The current thread was interrupted
	at org.apache.catalina.connector.OutputBuffer.doFlush(OutputBuffer.java:310)
	at org.apache.catalina.connector.OutputBuffer.flush(OutputBuffer.java:273)
	at org.apache.catalina.connector.Response.flushBuffer(Response.java:500)
	at org.apache.catalina.connector.ResponseFacade.flushBuffer(ResponseFacade.java:312)
	at org.springframework.http.server.ServletServerHttpResponse.flush(ServletServerHttpResponse.java:104)
	at org.springframework.http.server.DelegatingServerHttpResponse.flush(DelegatingServerHttpResponse.java:61)
	at org.springframework.web.servlet.mvc.method.annotation.ResponseBodyEmitterReturnValueHandler$HttpMessageConvertingHandler.complete(ResponseBodyEmitterReturnValueHandler.java:223)
	at org.springframework.web.servlet.mvc.method.annotation.ResponseBodyEmitter.complete(ResponseBodyEmitter.java:236)
	at com.tiankong44.tool.websocket.WebSocketController$1.afterConnectionClosed(WebSocketController.java:64)
	at org.springframework.web.socket.adapter.standard.StandardWebSocketHandlerAdapter.onClose(StandardWebSocketHandlerAdapter.java:145)
	at org.apache.tomcat.websocket.WsSession.fireEndpointOnClose(WsSession.java:767)
	at org.apache.tomcat.websocket.WsSession.doClose(WsSession.java:715)
	at org.apache.tomcat.websocket.WsFrameClient.close(WsFrameClient.java:132)
	at org.apache.tomcat.websocket.WsFrameClient.resumeProcessing(WsFrameClient.java:224)
	at org.apache.tomcat.websocket.WsFrameClient.access$500(WsFrameClient.java:31)
	at org.apache.tomcat.websocket.WsFrameClient$WsFrameClientCompletionHandler.doResumeProcessing(WsFrameClient.java:189)
	at org.apache.tomcat.websocket.WsFrameClient$WsFrameClientCompletionHandler.completed(WsFrameClient.java:163)
	at org.apache.tomcat.websocket.WsFrameClient$WsFrameClientCompletionHandler.completed(WsFrameClient.java:148)
	at org.apache.tomcat.websocket.AsyncChannelWrapperSecure$WrapperFuture.complete(AsyncChannelWrapperSecure.java:471)
	at org.apache.tomcat.websocket.AsyncChannelWrapperSecure$ReadTask.run(AsyncChannelWrapperSecure.java:338)
	at java.util.concurrent.ThreadPoolExecutor.runWorker(ThreadPoolExecutor.java:1149)
	at java.util.concurrent.ThreadPoolExecutor$Worker.run(ThreadPoolExecutor.java:624)
	at java.lang.Thread.run(Thread.java:750)
Caused by: java.io.IOException: The current thread was interrupted
	at org.apache.tomcat.util.net.NioChannel.checkInterruptStatus(NioChannel.java:236)
	at org.apache.tomcat.util.net.NioChannel.write(NioChannel.java:134)
	at org.apache.tomcat.util.net.NioEndpoint$NioSocketWrapper.doWrite(NioEndpoint.java:1424)
	at org.apache.tomcat.util.net.SocketWrapperBase.doWrite(SocketWrapperBase.java:768)
	at org.apache.tomcat.util.net.SocketWrapperBase.flushBlocking(SocketWrapperBase.java:732)
	at org.apache.tomcat.util.net.SocketWrapperBase.flush(SocketWrapperBase.java:716)
	at org.apache.coyote.http11.Http11OutputBuffer$SocketOutputBuffer.flush(Http11OutputBuffer.java:573)
	at org.apache.coyote.http11.filters.ChunkedOutputFilter.flush(ChunkedOutputFilter.java:157)
	at org.apache.coyote.http11.Http11OutputBuffer.flush(Http11OutputBuffer.java:221)
	at org.apache.coyote.http11.Http11Processor.flush(Http11Processor.java:1255)
	at org.apache.coyote.AbstractProcessor.action(AbstractProcessor.java:402)
	at org.apache.coyote.Response.action(Response.java:209)
	at org.apache.catalina.connector.OutputBuffer.doFlush(OutputBuffer.java:306)
	... 22 common frames omitted

2025-06-25 22:50:16.684|9001]|[]|Exception Processing ErrorPage[errorCode=0, location=/error]

org.apache.catalina.connector.ClientAbortException: java.io.IOException: The current thread was interrupted
	at org.apache.catalina.connector.OutputBuffer.doFlush(OutputBuffer.java:310)
	at org.apache.catalina.connector.OutputBuffer.flush(OutputBuffer.java:273)
	at org.apache.catalina.connector.Response.flushBuffer(Response.java:500)
	at org.apache.catalina.connector.ResponseFacade.flushBuffer(ResponseFacade.java:312)
	at org.springframework.http.server.ServletServerHttpResponse.flush(ServletServerHttpResponse.java:104)
	at org.springframework.http.server.DelegatingServerHttpResponse.flush(DelegatingServerHttpResponse.java:61)
	at org.springframework.web.servlet.mvc.method.annotation.ResponseBodyEmitterReturnValueHandler$HttpMessageConvertingHandler.complete(ResponseBodyEmitterReturnValueHandler.java:223)
	at org.springframework.web.servlet.mvc.method.annotation.ResponseBodyEmitter.complete(ResponseBodyEmitter.java:236)
	at com.tiankong44.tool.websocket.WebSocketController$1.afterConnectionClosed(WebSocketController.java:64)
	at org.springframework.web.socket.adapter.standard.StandardWebSocketHandlerAdapter.onClose(StandardWebSocketHandlerAdapter.java:145)
	at org.apache.tomcat.websocket.WsSession.fireEndpointOnClose(WsSession.java:767)
	at org.apache.tomcat.websocket.WsSession.doClose(WsSession.java:715)
	at org.apache.tomcat.websocket.WsFrameClient.close(WsFrameClient.java:132)
	at org.apache.tomcat.websocket.WsFrameClient.resumeProcessing(WsFrameClient.java:224)
	at org.apache.tomcat.websocket.WsFrameClient.access$500(WsFrameClient.java:31)
	at org.apache.tomcat.websocket.WsFrameClient$WsFrameClientCompletionHandler.doResumeProcessing(WsFrameClient.java:189)
	at org.apache.tomcat.websocket.WsFrameClient$WsFrameClientCompletionHandler.completed(WsFrameClient.java:163)
	at org.apache.tomcat.websocket.WsFrameClient$WsFrameClientCompletionHandler.completed(WsFrameClient.java:148)
	at org.apache.tomcat.websocket.AsyncChannelWrapperSecure$WrapperFuture.complete(AsyncChannelWrapperSecure.java:471)
	at org.apache.tomcat.websocket.AsyncChannelWrapperSecure$ReadTask.run(AsyncChannelWrapperSecure.java:338)
	at java.util.concurrent.ThreadPoolExecutor.runWorker(ThreadPoolExecutor.java:1149)
	at java.util.concurrent.ThreadPoolExecutor$Worker.run(ThreadPoolExecutor.java:624)
	at java.lang.Thread.run(Thread.java:750)
Caused by: java.io.IOException: The current thread was interrupted
	at org.apache.tomcat.util.net.NioChannel.checkInterruptStatus(NioChannel.java:236)
	at org.apache.tomcat.util.net.NioChannel.write(NioChannel.java:134)
	at org.apache.tomcat.util.net.NioEndpoint$NioSocketWrapper.doWrite(NioEndpoint.java:1424)
	at org.apache.tomcat.util.net.SocketWrapperBase.doWrite(SocketWrapperBase.java:768)
	at org.apache.tomcat.util.net.SocketWrapperBase.flushBlocking(SocketWrapperBase.java:732)
	at org.apache.tomcat.util.net.SocketWrapperBase.flush(SocketWrapperBase.java:716)
	at org.apache.coyote.http11.Http11OutputBuffer$SocketOutputBuffer.flush(Http11OutputBuffer.java:573)
	at org.apache.coyote.http11.filters.ChunkedOutputFilter.flush(ChunkedOutputFilter.java:157)
	at org.apache.coyote.http11.Http11OutputBuffer.flush(Http11OutputBuffer.java:221)
	at org.apache.coyote.http11.Http11Processor.flush(Http11Processor.java:1255)
	at org.apache.coyote.AbstractProcessor.action(AbstractProcessor.java:402)
	at org.apache.coyote.Response.action(Response.java:209)
	at org.apache.catalina.connector.OutputBuffer.doFlush(OutputBuffer.java:306)
	... 22 common frames omitted

2025-06-25 22:52:19.717|9001]|[]|Exception Processing ErrorPage[errorCode=0, location=/error]

org.apache.catalina.connector.ClientAbortException: java.io.IOException: The current thread was interrupted
	at org.apache.catalina.connector.OutputBuffer.doFlush(OutputBuffer.java:310)
	at org.apache.catalina.connector.OutputBuffer.flush(OutputBuffer.java:273)
	at org.apache.catalina.connector.Response.flushBuffer(Response.java:500)
	at org.apache.catalina.connector.ResponseFacade.flushBuffer(ResponseFacade.java:312)
	at org.springframework.http.server.ServletServerHttpResponse.flush(ServletServerHttpResponse.java:104)
	at org.springframework.http.server.DelegatingServerHttpResponse.flush(DelegatingServerHttpResponse.java:61)
	at org.springframework.web.servlet.mvc.method.annotation.ResponseBodyEmitterReturnValueHandler$HttpMessageConvertingHandler.complete(ResponseBodyEmitterReturnValueHandler.java:223)
	at org.springframework.web.servlet.mvc.method.annotation.ResponseBodyEmitter.complete(ResponseBodyEmitter.java:236)
	at com.tiankong44.tool.websocket.WebSocketController$1.afterConnectionClosed(WebSocketController.java:64)
	at org.springframework.web.socket.adapter.standard.StandardWebSocketHandlerAdapter.onClose(StandardWebSocketHandlerAdapter.java:145)
	at org.apache.tomcat.websocket.WsSession.fireEndpointOnClose(WsSession.java:767)
	at org.apache.tomcat.websocket.WsSession.doClose(WsSession.java:715)
	at org.apache.tomcat.websocket.WsFrameClient.close(WsFrameClient.java:132)
	at org.apache.tomcat.websocket.WsFrameClient.resumeProcessing(WsFrameClient.java:224)
	at org.apache.tomcat.websocket.WsFrameClient.access$500(WsFrameClient.java:31)
	at org.apache.tomcat.websocket.WsFrameClient$WsFrameClientCompletionHandler.doResumeProcessing(WsFrameClient.java:189)
	at org.apache.tomcat.websocket.WsFrameClient$WsFrameClientCompletionHandler.completed(WsFrameClient.java:163)
	at org.apache.tomcat.websocket.WsFrameClient$WsFrameClientCompletionHandler.completed(WsFrameClient.java:148)
	at org.apache.tomcat.websocket.AsyncChannelWrapperSecure$WrapperFuture.complete(AsyncChannelWrapperSecure.java:471)
	at org.apache.tomcat.websocket.AsyncChannelWrapperSecure$ReadTask.run(AsyncChannelWrapperSecure.java:338)
	at java.util.concurrent.ThreadPoolExecutor.runWorker(ThreadPoolExecutor.java:1149)
	at java.util.concurrent.ThreadPoolExecutor$Worker.run(ThreadPoolExecutor.java:624)
	at java.lang.Thread.run(Thread.java:750)
Caused by: java.io.IOException: The current thread was interrupted
	at org.apache.tomcat.util.net.NioChannel.checkInterruptStatus(NioChannel.java:236)
	at org.apache.tomcat.util.net.NioChannel.write(NioChannel.java:134)
	at org.apache.tomcat.util.net.NioEndpoint$NioSocketWrapper.doWrite(NioEndpoint.java:1424)
	at org.apache.tomcat.util.net.SocketWrapperBase.doWrite(SocketWrapperBase.java:768)
	at org.apache.tomcat.util.net.SocketWrapperBase.flushBlocking(SocketWrapperBase.java:732)
	at org.apache.tomcat.util.net.SocketWrapperBase.flush(SocketWrapperBase.java:716)
	at org.apache.coyote.http11.Http11OutputBuffer$SocketOutputBuffer.flush(Http11OutputBuffer.java:573)
	at org.apache.coyote.http11.filters.ChunkedOutputFilter.flush(ChunkedOutputFilter.java:157)
	at org.apache.coyote.http11.Http11OutputBuffer.flush(Http11OutputBuffer.java:221)
	at org.apache.coyote.http11.Http11Processor.flush(Http11Processor.java:1255)
	at org.apache.coyote.AbstractProcessor.action(AbstractProcessor.java:402)
	at org.apache.coyote.Response.action(Response.java:209)
	at org.apache.catalina.connector.OutputBuffer.doFlush(OutputBuffer.java:306)
	... 22 common frames omitted

2025-06-25 22:55:06.829|9001]|[]|Exception Processing ErrorPage[errorCode=0, location=/error]

org.apache.catalina.connector.ClientAbortException: java.io.IOException: The current thread was interrupted
	at org.apache.catalina.connector.OutputBuffer.doFlush(OutputBuffer.java:310)
	at org.apache.catalina.connector.OutputBuffer.flush(OutputBuffer.java:273)
	at org.apache.catalina.connector.Response.flushBuffer(Response.java:500)
	at org.apache.catalina.connector.ResponseFacade.flushBuffer(ResponseFacade.java:312)
	at org.springframework.http.server.ServletServerHttpResponse.flush(ServletServerHttpResponse.java:104)
	at org.springframework.http.server.DelegatingServerHttpResponse.flush(DelegatingServerHttpResponse.java:61)
	at org.springframework.web.servlet.mvc.method.annotation.ResponseBodyEmitterReturnValueHandler$HttpMessageConvertingHandler.complete(ResponseBodyEmitterReturnValueHandler.java:223)
	at org.springframework.web.servlet.mvc.method.annotation.ResponseBodyEmitter.complete(ResponseBodyEmitter.java:236)
	at com.tiankong44.tool.websocket.WebSocketController$1.afterConnectionClosed(WebSocketController.java:64)
	at org.springframework.web.socket.adapter.standard.StandardWebSocketHandlerAdapter.onClose(StandardWebSocketHandlerAdapter.java:145)
	at org.apache.tomcat.websocket.WsSession.fireEndpointOnClose(WsSession.java:767)
	at org.apache.tomcat.websocket.WsSession.doClose(WsSession.java:715)
	at org.apache.tomcat.websocket.WsFrameClient.close(WsFrameClient.java:132)
	at org.apache.tomcat.websocket.WsFrameClient.resumeProcessing(WsFrameClient.java:224)
	at org.apache.tomcat.websocket.WsFrameClient.access$500(WsFrameClient.java:31)
	at org.apache.tomcat.websocket.WsFrameClient$WsFrameClientCompletionHandler.doResumeProcessing(WsFrameClient.java:189)
	at org.apache.tomcat.websocket.WsFrameClient$WsFrameClientCompletionHandler.completed(WsFrameClient.java:163)
	at org.apache.tomcat.websocket.WsFrameClient$WsFrameClientCompletionHandler.completed(WsFrameClient.java:148)
	at org.apache.tomcat.websocket.AsyncChannelWrapperSecure$WrapperFuture.complete(AsyncChannelWrapperSecure.java:471)
	at org.apache.tomcat.websocket.AsyncChannelWrapperSecure$ReadTask.run(AsyncChannelWrapperSecure.java:338)
	at java.util.concurrent.ThreadPoolExecutor.runWorker(ThreadPoolExecutor.java:1149)
	at java.util.concurrent.ThreadPoolExecutor$Worker.run(ThreadPoolExecutor.java:624)
	at java.lang.Thread.run(Thread.java:750)
Caused by: java.io.IOException: The current thread was interrupted
	at org.apache.tomcat.util.net.NioChannel.checkInterruptStatus(NioChannel.java:236)
	at org.apache.tomcat.util.net.NioChannel.write(NioChannel.java:134)
	at org.apache.tomcat.util.net.NioEndpoint$NioSocketWrapper.doWrite(NioEndpoint.java:1424)
	at org.apache.tomcat.util.net.SocketWrapperBase.doWrite(SocketWrapperBase.java:768)
	at org.apache.tomcat.util.net.SocketWrapperBase.flushBlocking(SocketWrapperBase.java:732)
	at org.apache.tomcat.util.net.SocketWrapperBase.flush(SocketWrapperBase.java:716)
	at org.apache.coyote.http11.Http11OutputBuffer$SocketOutputBuffer.flush(Http11OutputBuffer.java:573)
	at org.apache.coyote.http11.filters.ChunkedOutputFilter.flush(ChunkedOutputFilter.java:157)
	at org.apache.coyote.http11.Http11OutputBuffer.flush(Http11OutputBuffer.java:221)
	at org.apache.coyote.http11.Http11Processor.flush(Http11Processor.java:1255)
	at org.apache.coyote.AbstractProcessor.action(AbstractProcessor.java:402)
	at org.apache.coyote.Response.action(Response.java:209)
	at org.apache.catalina.connector.OutputBuffer.doFlush(OutputBuffer.java:306)
	... 22 common frames omitted

2025-06-25 22:56:30.597|9001]|[]|Exception Processing ErrorPage[errorCode=0, location=/error]

org.apache.catalina.connector.ClientAbortException: java.io.IOException: The current thread was interrupted
	at org.apache.catalina.connector.OutputBuffer.doFlush(OutputBuffer.java:310)
	at org.apache.catalina.connector.OutputBuffer.flush(OutputBuffer.java:273)
	at org.apache.catalina.connector.Response.flushBuffer(Response.java:500)
	at org.apache.catalina.connector.ResponseFacade.flushBuffer(ResponseFacade.java:312)
	at org.springframework.http.server.ServletServerHttpResponse.flush(ServletServerHttpResponse.java:104)
	at org.springframework.http.server.DelegatingServerHttpResponse.flush(DelegatingServerHttpResponse.java:61)
	at org.springframework.web.servlet.mvc.method.annotation.ResponseBodyEmitterReturnValueHandler$HttpMessageConvertingHandler.complete(ResponseBodyEmitterReturnValueHandler.java:223)
	at org.springframework.web.servlet.mvc.method.annotation.ResponseBodyEmitter.complete(ResponseBodyEmitter.java:236)
	at com.tiankong44.tool.websocket.WebSocketController$1.afterConnectionClosed(WebSocketController.java:64)
	at org.springframework.web.socket.adapter.standard.StandardWebSocketHandlerAdapter.onClose(StandardWebSocketHandlerAdapter.java:145)
	at org.apache.tomcat.websocket.WsSession.fireEndpointOnClose(WsSession.java:767)
	at org.apache.tomcat.websocket.WsSession.doClose(WsSession.java:715)
	at org.apache.tomcat.websocket.WsFrameClient.close(WsFrameClient.java:132)
	at org.apache.tomcat.websocket.WsFrameClient.resumeProcessing(WsFrameClient.java:224)
	at org.apache.tomcat.websocket.WsFrameClient.access$500(WsFrameClient.java:31)
	at org.apache.tomcat.websocket.WsFrameClient$WsFrameClientCompletionHandler.doResumeProcessing(WsFrameClient.java:189)
	at org.apache.tomcat.websocket.WsFrameClient$WsFrameClientCompletionHandler.completed(WsFrameClient.java:163)
	at org.apache.tomcat.websocket.WsFrameClient$WsFrameClientCompletionHandler.completed(WsFrameClient.java:148)
	at org.apache.tomcat.websocket.AsyncChannelWrapperSecure$WrapperFuture.complete(AsyncChannelWrapperSecure.java:471)
	at org.apache.tomcat.websocket.AsyncChannelWrapperSecure$ReadTask.run(AsyncChannelWrapperSecure.java:338)
	at java.util.concurrent.ThreadPoolExecutor.runWorker(ThreadPoolExecutor.java:1149)
	at java.util.concurrent.ThreadPoolExecutor$Worker.run(ThreadPoolExecutor.java:624)
	at java.lang.Thread.run(Thread.java:750)
Caused by: java.io.IOException: The current thread was interrupted
	at org.apache.tomcat.util.net.NioChannel.checkInterruptStatus(NioChannel.java:236)
	at org.apache.tomcat.util.net.NioChannel.write(NioChannel.java:134)
	at org.apache.tomcat.util.net.NioEndpoint$NioSocketWrapper.doWrite(NioEndpoint.java:1424)
	at org.apache.tomcat.util.net.SocketWrapperBase.doWrite(SocketWrapperBase.java:768)
	at org.apache.tomcat.util.net.SocketWrapperBase.flushBlocking(SocketWrapperBase.java:732)
	at org.apache.tomcat.util.net.SocketWrapperBase.flush(SocketWrapperBase.java:716)
	at org.apache.coyote.http11.Http11OutputBuffer$SocketOutputBuffer.flush(Http11OutputBuffer.java:573)
	at org.apache.coyote.http11.filters.ChunkedOutputFilter.flush(ChunkedOutputFilter.java:157)
	at org.apache.coyote.http11.Http11OutputBuffer.flush(Http11OutputBuffer.java:221)
	at org.apache.coyote.http11.Http11Processor.flush(Http11Processor.java:1255)
	at org.apache.coyote.AbstractProcessor.action(AbstractProcessor.java:402)
	at org.apache.coyote.Response.action(Response.java:209)
	at org.apache.catalina.connector.OutputBuffer.doFlush(OutputBuffer.java:306)
	... 22 common frames omitted

2025-06-25 22:58:07.708|9001]|[]|Exception Processing ErrorPage[errorCode=0, location=/error]

org.apache.catalina.connector.ClientAbortException: java.io.IOException: The current thread was interrupted
	at org.apache.catalina.connector.OutputBuffer.doFlush(OutputBuffer.java:310)
	at org.apache.catalina.connector.OutputBuffer.flush(OutputBuffer.java:273)
	at org.apache.catalina.connector.Response.flushBuffer(Response.java:500)
	at org.apache.catalina.connector.ResponseFacade.flushBuffer(ResponseFacade.java:312)
	at org.springframework.http.server.ServletServerHttpResponse.flush(ServletServerHttpResponse.java:104)
	at org.springframework.http.server.DelegatingServerHttpResponse.flush(DelegatingServerHttpResponse.java:61)
	at org.springframework.web.servlet.mvc.method.annotation.ResponseBodyEmitterReturnValueHandler$HttpMessageConvertingHandler.complete(ResponseBodyEmitterReturnValueHandler.java:223)
	at org.springframework.web.servlet.mvc.method.annotation.ResponseBodyEmitter.complete(ResponseBodyEmitter.java:236)
	at com.tiankong44.tool.websocket.WebSocketController$2.afterConnectionClosed(WebSocketController.java:123)
	at org.springframework.web.socket.adapter.standard.StandardWebSocketHandlerAdapter.onClose(StandardWebSocketHandlerAdapter.java:145)
	at org.apache.tomcat.websocket.WsSession.fireEndpointOnClose(WsSession.java:767)
	at org.apache.tomcat.websocket.WsSession.doClose(WsSession.java:715)
	at org.apache.tomcat.websocket.WsFrameClient.close(WsFrameClient.java:132)
	at org.apache.tomcat.websocket.WsFrameClient.resumeProcessing(WsFrameClient.java:224)
	at org.apache.tomcat.websocket.WsFrameClient.access$500(WsFrameClient.java:31)
	at org.apache.tomcat.websocket.WsFrameClient$WsFrameClientCompletionHandler.doResumeProcessing(WsFrameClient.java:189)
	at org.apache.tomcat.websocket.WsFrameClient$WsFrameClientCompletionHandler.completed(WsFrameClient.java:163)
	at org.apache.tomcat.websocket.WsFrameClient$WsFrameClientCompletionHandler.completed(WsFrameClient.java:148)
	at org.apache.tomcat.websocket.AsyncChannelWrapperSecure$WrapperFuture.complete(AsyncChannelWrapperSecure.java:471)
	at org.apache.tomcat.websocket.AsyncChannelWrapperSecure$ReadTask.run(AsyncChannelWrapperSecure.java:338)
	at java.util.concurrent.ThreadPoolExecutor.runWorker(ThreadPoolExecutor.java:1149)
	at java.util.concurrent.ThreadPoolExecutor$Worker.run(ThreadPoolExecutor.java:624)
	at java.lang.Thread.run(Thread.java:750)
Caused by: java.io.IOException: The current thread was interrupted
	at org.apache.tomcat.util.net.NioChannel.checkInterruptStatus(NioChannel.java:236)
	at org.apache.tomcat.util.net.NioChannel.write(NioChannel.java:134)
	at org.apache.tomcat.util.net.NioEndpoint$NioSocketWrapper.doWrite(NioEndpoint.java:1424)
	at org.apache.tomcat.util.net.SocketWrapperBase.doWrite(SocketWrapperBase.java:768)
	at org.apache.tomcat.util.net.SocketWrapperBase.flushBlocking(SocketWrapperBase.java:732)
	at org.apache.tomcat.util.net.SocketWrapperBase.flush(SocketWrapperBase.java:716)
	at org.apache.coyote.http11.Http11OutputBuffer$SocketOutputBuffer.flush(Http11OutputBuffer.java:573)
	at org.apache.coyote.http11.filters.ChunkedOutputFilter.flush(ChunkedOutputFilter.java:157)
	at org.apache.coyote.http11.Http11OutputBuffer.flush(Http11OutputBuffer.java:221)
	at org.apache.coyote.http11.Http11Processor.flush(Http11Processor.java:1255)
	at org.apache.coyote.AbstractProcessor.action(AbstractProcessor.java:402)
	at org.apache.coyote.Response.action(Response.java:209)
	at org.apache.catalina.connector.OutputBuffer.doFlush(OutputBuffer.java:306)
	... 22 common frames omitted

2026-08-06 10:17:28.848|9001]|[]|

***************************
APPLICATION FAILED TO START
***************************

Description:

A component required a bean of type 'com.tiankong44.tool.pregnancy.mapper.PregnancyProfileMapper' that could not be found.


Action:

Consider defining a bean of type 'com.tiankong44.tool.pregnancy.mapper.PregnancyProfileMapper' in your configuration.

2026-08-06 10:17:45.149|9001]|[]|Application run failed

org.springframework.beans.factory.BeanCreationException: Error creating bean with name 'apexController': Lookup method resolution failed; nested exception is java.lang.IllegalStateException: Failed to introspect Class [com.tiankong44.tool.apex.controller.ApexController] from ClassLoader [sun.misc.Launcher$AppClassLoader@18b4aac2]
	at org.springframework.beans.factory.annotation.AutowiredAnnotationBeanPostProcessor.determineCandidateConstructors(AutowiredAnnotationBeanPostProcessor.java:289)
	at org.springframework.beans.factory.support.AbstractAutowireCapableBeanFactory.determineConstructorsFromBeanPostProcessors(AbstractAutowireCapableBeanFactory.java:1302)
	at org.springframework.beans.factory.support.AbstractAutowireCapableBeanFactory.createBeanInstance(AbstractAutowireCapableBeanFactory.java:1219)
	at org.springframework.beans.factory.support.AbstractAutowireCapableBeanFactory.doCreateBean(AbstractAutowireCapableBeanFactory.java:582)
	at org.springframework.beans.factory.support.AbstractAutowireCapableBeanFactory.createBean(AbstractAutowireCapableBeanFactory.java:542)
	at org.springframework.beans.factory.support.AbstractBeanFactory.lambda$doGetBean$0(AbstractBeanFactory.java:335)
	at org.springframework.beans.factory.support.DefaultSingletonBeanRegistry.getSingleton(DefaultSingletonBeanRegistry.java:234)
	at org.springframework.beans.factory.support.AbstractBeanFactory.doGetBean(AbstractBeanFactory.java:333)
	at org.springframework.beans.factory.support.AbstractBeanFactory.getBean(AbstractBeanFactory.java:208)
	at org.springframework.beans.factory.support.DefaultListableBeanFactory.preInstantiateSingletons(DefaultListableBeanFactory.java:955)
	at org.springframework.context.support.AbstractApplicationContext.finishBeanFactoryInitialization(AbstractApplicationContext.java:918)
	at org.springframework.context.support.AbstractApplicationContext.refresh(AbstractApplicationContext.java:583)
	at org.springframework.boot.web.servlet.context.ServletWebServerApplicationContext.refresh(ServletWebServerApplicationContext.java:147)
	at org.springframework.boot.SpringApplication.refresh(SpringApplication.java:734)
	at org.springframework.boot.SpringApplication.refreshContext(SpringApplication.java:408)
	at org.springframework.boot.SpringApplication.run(SpringApplication.java:308)
	at org.springframework.boot.SpringApplication.run(SpringApplication.java:1306)
	at org.springframework.boot.SpringApplication.run(SpringApplication.java:1295)
	at com.tiankong44.tool.ToolApplication.main(ToolApplication.java:14)
Caused by: java.lang.IllegalStateException: Failed to introspect Class [com.tiankong44.tool.apex.controller.ApexController] from ClassLoader [sun.misc.Launcher$AppClassLoader@18b4aac2]
	at org.springframework.util.ReflectionUtils.getDeclaredMethods(ReflectionUtils.java:485)
	at org.springframework.util.ReflectionUtils.doWithLocalMethods(ReflectionUtils.java:321)
	at org.springframework.beans.factory.annotation.AutowiredAnnotationBeanPostProcessor.determineCandidateConstructors(AutowiredAnnotationBeanPostProcessor.java:267)
	... 18 common frames omitted
Caused by: java.lang.NoClassDefFoundError: com/tiankong44/tool/apex/dto/OpenCountRequest
	at java.lang.Class.getDeclaredMethods0(Native Method)
	at java.lang.Class.privateGetDeclaredMethods(Class.java:2701)
	at java.lang.Class.getDeclaredMethods(Class.java:1975)
	at org.springframework.util.ReflectionUtils.getDeclaredMethods(ReflectionUtils.java:467)
	... 20 common frames omitted
Caused by: java.lang.ClassNotFoundException: com.tiankong44.tool.apex.dto.OpenCountRequest
	at java.net.URLClassLoader.findClass(URLClassLoader.java:387)
	at java.lang.ClassLoader.loadClass(ClassLoader.java:418)
	at sun.misc.Launcher$AppClassLoader.loadClass(Launcher.java:352)
	at java.lang.ClassLoader.loadClass(ClassLoader.java:351)
	... 24 common frames omitted

2026-08-06 10:18:09.542|9001]|[]|

***************************
APPLICATION FAILED TO START
***************************

Description:

A component required a bean of type 'com.tiankong44.tool.pregnancy.mapper.PregnancyProfileMapper' that could not be found.


Action:

Consider defining a bean of type 'com.tiankong44.tool.pregnancy.mapper.PregnancyProfileMapper' in your configuration.

